  Ôû▓ Next.js 14.2.28
  - Environments: .env
  - Experiments (use with caution):
    ┬À outputFileTracingRoot

   Creating an optimized production build ...
node.exe : Failed to compile.
En línea: 1 Carácter: 1
+ & "C:\Program 
Files\nodejs/node.exe" 
"C:\Program 
Files\nodejs/node_mo ...
+ ~~~~~~~~~~~~~~~~~~~~~~~~~~~
~~~~~~~~~~~~~~~~~~~~~~~~~~~~~
~~~~~~~~~~~~~
    + CategoryInfo           
   : NotSpecified: (Failed   
  to compile.:String) [],    
 RemoteException
    + FullyQualifiedErrorId  
   : NativeCommandError
 

./app/api/autopilot/route.ts
Module not found: Can't 
resolve '@/lib/abacus-ai'

https://nextjs.org/docs/messa
ges/module-not-found

./app/api/books/[id]/copywrit
ing/route.ts
Module not found: Can't 
resolve '@/lib/abacus-ai'

https://nextjs.org/docs/messa
ges/module-not-found


> Build failed because of 
webpack errors
