Testing Vertex AI Params...

--- Testing Ratio 2:3 ---
ÔØî FAILED (429): {
  "error": {
    "code": 429,
    "message": "Quota exceeded for aiplatform.googleapis.com/online_prediction_requests_per_base_model with base model...

--- Testing Ratio 3:4 ---
ÔØî FAILED (429): {
  "error": {
    "code": 429,
    "message": "Quota exceeded for aiplatform.googleapis.com/online_prediction_requests_per_base_model with base model...

--- Testing Ratio 9:16 ---
ÔØî FAILED (429): {
  "error": {
    "code": 429,
    "message": "Quota exceeded for aiplatform.googleapis.com/online_prediction_requests_per_base_model with base model...

--- Testing No Ratio (Default) ---
ÔØî FAILED (429): {
  "error": {
    "code": 429,
    "message": "Quota exceeded for aiplatform.googleapis.com/online_prediction_requests_per_base_model with base model...
