­ƒº¬ Testing Gemini API directly...

­ƒôï Step 1: Listing models...
Ô£à Models available:
   - models/gemini-2.5-flash
   - models/gemini-2.5-pro
   - models/gemini-2.0-flash-exp
   - models/gemini-2.0-flash
   - models/gemini-2.0-flash-001
   - models/gemini-2.0-flash-exp-image-generation
   - models/gemini-2.0-flash-lite-001
   - models/gemini-2.0-flash-lite
   - models/gemini-2.0-flash-lite-preview-02-05
   - models/gemini-2.0-flash-lite-preview
   - models/gemini-exp-1206
   - models/gemini-2.5-flash-preview-tts
   - models/gemini-2.5-pro-preview-tts
   - models/gemma-3-1b-it
   - models/gemma-3-4b-it

­ƒÄ» Found image model: models/gemini-2.5-flash-image-preview

­ƒû╝´©Å Step 2: Testing image generation...
Response status: 429
ÔØî Generation error:
   Code: 429
   Message: You exceeded your current quota, please check your plan and billing details. For more information on this error, head to: https://ai.google.dev/gemini-api/docs/rate-limits. To monitor your current usa
